// Jest Snapshot v1, https://goo.gl/fbAQLP

exports[`login/forms/login.tsx should render form 1`] = `
<div>
  <form
    data-testid="login-form"
    name="login"
  >
    <div
      class="MuiFormControl-root-1"
    >
      <label
        class="MuiFormLabel-root-10 MuiInputLabel-root-5 MuiInputLabel-formControl-6 MuiInputLabel-animated-9"
        data-shrink="false"
        for="email-input"
      >
        Email
        <span
          class="MuiFormLabel-asterisk-14"
        >
           *
        </span>
      </label>
      <div
        class="MuiInput-root-15 MuiInput-formControl-16 MuiInput-underline-19"
      >
        <input
          aria-invalid="false"
          aria-required="true"
          class="MuiInput-input-23 MuiInput-inputType-26"
          id="email-input"
          name="email"
          required=""
          type="email"
          value=""
        />
      </div>
    </div>
    <div
      class="MuiFormControl-root-1"
    >
      <label
        class="MuiFormLabel-root-10 MuiInputLabel-root-5 MuiInputLabel-formControl-6 MuiInputLabel-animated-9"
        data-shrink="false"
        for="password-input"
      >
        Password
        <span
          class="MuiFormLabel-asterisk-14"
        >
           *
        </span>
      </label>
      <div
        class="MuiInput-root-15 MuiInput-formControl-16 MuiInput-underline-19"
      >
        <input
          aria-invalid="false"
          aria-required="true"
          class="MuiInput-input-23 MuiInput-inputType-26"
          id="password-input"
          name="password"
          required=""
          type="password"
          value=""
        />
      </div>
    </div>
    <button
      class="MuiButtonBase-root-50 MuiButton-root-28 MuiButton-contained-37 MuiButton-containedPrimary-38 MuiButton-raised-40 MuiButton-raisedPrimary-41"
      tabindex="0"
      type="submit"
    >
      <span
        class="MuiButton-label-29"
      >
        Login
      </span>
      <span
        class="MuiTouchRipple-root-53"
      />
    </button>
  </form>
</div>
`;

exports[`login/forms/login.tsx should send login request to server 1`] = `
Array [
  "/api/v1/oauth/token",
  Object {
    "body": "{\\"username\\":\\"test@example.com\\",\\"password\\":\\"password1\\",\\"grant_type\\":\\"password\\"}",
    "credentials": "same-origin",
    "headers": Object {
      "content-type": "application/json",
    },
    "method": "POST",
  },
]
`;

exports[`login/forms/login.tsx should show an error UI 1`] = `"Invalid login"`;
