// Jest Snapshot v1, https://goo.gl/fbAQLP

exports[`register/forms/register.tsx should check passwords match 1`] = `"Passwords did not match"`;

exports[`register/forms/register.tsx should render form 1`] = `
<div>
  <form
    data-testid="password-reset-form"
  >
    <div
      class="MuiFormControl-root-1"
    >
      <label
        class="MuiFormLabel-root-10 MuiInputLabel-root-5 MuiInputLabel-formControl-6 MuiInputLabel-animated-9"
        data-shrink="false"
        for="password-input"
      >
        Password
        <span
          class="MuiFormLabel-asterisk-14"
        >
           *
        </span>
      </label>
      <div
        class="MuiInput-root-15 MuiInput-formControl-16 MuiInput-underline-19"
      >
        <input
          aria-invalid="false"
          aria-required="true"
          class="MuiInput-input-23 MuiInput-inputType-26"
          id="password-input"
          name="password"
          required=""
          type="password"
          value=""
        />
      </div>
    </div>
    <div
      class="MuiFormControl-root-1"
    >
      <label
        class="MuiFormLabel-root-10 MuiInputLabel-root-5 MuiInputLabel-formControl-6 MuiInputLabel-animated-9"
        data-shrink="false"
        for="confirm-password-input"
      >
        Confirm Password
        <span
          class="MuiFormLabel-asterisk-14"
        >
           *
        </span>
      </label>
      <div
        class="MuiInput-root-15 MuiInput-formControl-16 MuiInput-underline-19"
      >
        <input
          aria-invalid="false"
          aria-required="true"
          class="MuiInput-input-23 MuiInput-inputType-26"
          id="confirm-password-input"
          name="confirmPassword"
          required=""
          type="password"
          value=""
        />
      </div>
    </div>
    <button
      class="MuiButtonBase-root-50 MuiButton-root-28 MuiButton-contained-37 MuiButton-containedPrimary-38 MuiButton-raised-40 MuiButton-raisedPrimary-41"
      tabindex="0"
      type="submit"
    >
      <span
        class="MuiButton-label-29"
      >
        Reset Password
      </span>
      <span
        class="MuiTouchRipple-root-53"
      />
    </button>
  </form>
</div>
`;

exports[`register/forms/register.tsx should send password reset request to server 1`] = `
Array [
  "/api/v1/users/password-reset",
  Object {
    "body": "{\\"key\\":\\"1234key1234\\",\\"password\\":\\"new_password\\"}",
    "headers": Object {
      "content-type": "application/json",
    },
    "method": "PUT",
  },
]
`;

exports[`register/forms/register.tsx should show an error UI 1`] = `"Password reset failed"`;
