// Jest Snapshot v1, https://goo.gl/fbAQLP

exports[`register/forms/register.tsx should check passwords match 1`] = `"Passwords did not match"`;

exports[`register/forms/register.tsx should render form 1`] = `
<div>
  <form
    data-testid="register-form"
    name="register"
  >
    <div>
      <div
        class="MuiFormControl-root-1 halfText"
      >
        <label
          class="MuiFormLabel-root-10 MuiInputLabel-root-5 MuiInputLabel-formControl-6 MuiInputLabel-animated-9"
          data-shrink="false"
          for="first-name-input"
        >
          First Name
          <span
            class="MuiFormLabel-asterisk-14"
          >
             *
          </span>
        </label>
        <div
          class="MuiInput-root-15 MuiInput-formControl-16 MuiInput-underline-19"
        >
          <input
            aria-invalid="false"
            aria-required="true"
            class="MuiInput-input-23"
            id="first-name-input"
            name="firstName"
            required=""
            type="text"
            value=""
          />
        </div>
      </div>
      <div
        class="MuiFormControl-root-1 halfText"
      >
        <label
          class="MuiFormLabel-root-10 MuiInputLabel-root-5 MuiInputLabel-formControl-6 MuiInputLabel-animated-9"
          data-shrink="false"
          for="last-name-input"
        >
          Last Name
          <span
            class="MuiFormLabel-asterisk-14"
          >
             *
          </span>
        </label>
        <div
          class="MuiInput-root-15 MuiInput-formControl-16 MuiInput-underline-19"
        >
          <input
            aria-invalid="false"
            aria-required="true"
            class="MuiInput-input-23"
            id="last-name-input"
            name="lastName"
            required=""
            type="text"
            value=""
          />
        </div>
      </div>
    </div>
    <div
      class="MuiFormControl-root-1"
    >
      <label
        class="MuiFormLabel-root-10 MuiInputLabel-root-5 MuiInputLabel-formControl-6 MuiInputLabel-animated-9"
        data-shrink="false"
        for="email-input"
      >
        Email
        <span
          class="MuiFormLabel-asterisk-14"
        >
           *
        </span>
      </label>
      <div
        class="MuiInput-root-15 MuiInput-formControl-16 MuiInput-underline-19"
      >
        <input
          aria-invalid="false"
          aria-required="true"
          class="MuiInput-input-23 MuiInput-inputType-26"
          id="email-input"
          name="email"
          required=""
          type="email"
          value=""
        />
      </div>
    </div>
    <div
      class="MuiFormControl-root-1"
    >
      <label
        class="MuiFormLabel-root-10 MuiInputLabel-root-5 MuiInputLabel-formControl-6 MuiInputLabel-animated-9"
        data-shrink="false"
        for="password-input"
      >
        Password
        <span
          class="MuiFormLabel-asterisk-14"
        >
           *
        </span>
      </label>
      <div
        class="MuiInput-root-15 MuiInput-formControl-16 MuiInput-underline-19"
      >
        <input
          aria-invalid="false"
          aria-required="true"
          class="MuiInput-input-23 MuiInput-inputType-26"
          id="password-input"
          name="password"
          required=""
          type="password"
          value=""
        />
      </div>
    </div>
    <div
      class="MuiFormControl-root-1"
    >
      <label
        class="MuiFormLabel-root-10 MuiInputLabel-root-5 MuiInputLabel-formControl-6 MuiInputLabel-animated-9"
        data-shrink="false"
        for="confirm-password-input"
      >
        Confirm Password
        <span
          class="MuiFormLabel-asterisk-14"
        >
           *
        </span>
      </label>
      <div
        class="MuiInput-root-15 MuiInput-formControl-16 MuiInput-underline-19"
      >
        <input
          aria-invalid="false"
          aria-required="true"
          class="MuiInput-input-23 MuiInput-inputType-26"
          id="confirm-password-input"
          name="confirmPassword"
          required=""
          type="password"
          value=""
        />
      </div>
    </div>
    <label
      class="MuiFormControlLabel-root-28"
    >
      <span
        class="MuiButtonBase-root-46 MuiIconButton-root-40 MuiSwitchBase-root-36 MuiCheckbox-root-31 MuiCheckbox-colorPrimary-34"
      >
        <span
          class="MuiIconButton-label-45"
        >
          <svg
            aria-hidden="true"
            class="MuiSvgIcon-root-49"
            focusable="false"
            viewBox="0 0 24 24"
          >
            <path
              d="M19 5v14H5V5h14m0-2H5c-1.1 0-2 .9-2 2v14c0 1.1.9 2 2 2h14c1.1 0 2-.9 2-2V5c0-1.1-.9-2-2-2z"
            />
          </svg>
          <input
            class="MuiSwitchBase-input-39"
            name="newsletter"
            type="checkbox"
            value="newsletter"
          />
        </span>
        <span
          class="MuiTouchRipple-root-55"
        />
      </span>
      <span
        class="MuiTypography-root-62 MuiTypography-body1-71 MuiFormControlLabel-label-30"
      >
        <span
          class="newsletter"
        >
          Send me email tips and updates
          <small>
            (Roughly once a month, unsubscribe anytime)
          </small>
        </span>
      </span>
    </label>
    <p
      class="MuiFormHelperText-root-86 tos"
    >
      By registering, you agree to our
       
      <a
        href="http://localhost/tos"
        target="_blank"
      >
        terms of service
      </a>
    </p>
    <button
      class="MuiButtonBase-root-46 MuiButton-root-90 MuiButton-contained-99 MuiButton-containedPrimary-100 MuiButton-raised-102 MuiButton-raisedPrimary-103"
      data-testid="create-account-submit"
      tabindex="0"
      type="submit"
    >
      <span
        class="MuiButton-label-91"
      >
        Register
      </span>
      <span
        class="MuiTouchRipple-root-55"
      />
    </button>
  </form>
</div>
`;

exports[`register/forms/register.tsx should send register request to server 1`] = `
Array [
  "/api/v1/accounts/register",
  Object {
    "body": "{\\"account\\":{\\"name\\":\\"Klay Thompson's Account\\"},\\"user\\":{\\"firstName\\":\\"Klay\\",\\"lastName\\":\\"Thompson\\",\\"email\\":\\"klay@example.com\\",\\"password\\":\\"rocko\\"}}",
    "headers": Object {
      "content-type": "application/json",
    },
    "method": "POST",
  },
]
`;

exports[`register/forms/register.tsx should show an error UI 1`] = `"Error creating account"`;
