// Jest Snapshot v1, https://goo.gl/fbAQLP

exports[`change password change password should reject password changes that do not confirm existing password 1`] = `
Object {
  "message": "current password invalid",
  "name": "AssertionError",
}
`;
