// Jest Snapshot v1, https://goo.gl/fbAQLP

exports[`reset password reset password should reject unauthenticated password changes 1`] = `
Object {
  "message": "password link expired",
  "name": "AssertionError",
}
`;

exports[`reset password reset password should send a password reset email 1`] = `
Object {
  "content": Object {
    "from": "noreply@THE_DOMAIN",
    "html": "Hello Admin,<br><br>You're receiving this message because you requested a password reset for THE_PRODUCT_DISPLAY_NAME.<br>Please follow the link below to reset your password.<br><br><a href=\\"http://localhost/login?reset-password-key=<key>\\">http://localhost/login?reset-password-key=<key></a><br><br>Best,<br>The THE_PRODUCT_DISPLAY_NAME Team",
    "subject": "Your Password Reset - THE_PRODUCT_DISPLAY_NAME",
    "text": "Hello Admin,

You're receiving this message because you requested a password reset for THE_PRODUCT_DISPLAY_NAME.
Please follow the link below to reset your password.

http://localhost/login?reset-password-key=<key>

Best,
The THE_PRODUCT_DISPLAY_NAME Team",
  },
  "options": Object {
    "transactional": true,
  },
  "recipients": Array [
    Object {
      "address": Object {
        "email": "<uuid>@example.com",
        "name": "Admin",
      },
      "tags": Array [
        "password-reset",
      ],
    },
  ],
}
`;
