// Jest Snapshot v1, https://goo.gl/fbAQLP

exports[`change password verify email should have sent a welcome email 1`] = `
Object {
  "content": Object {
    "from": "noreply@THE_DOMAIN",
    "html": "Hello Admin User,<br><br>You're receiving this message because you registered an account for THE_PRODUCT_DISPLAY_NAME.<br>Please follow the link below to verify your email address.<br><br><a href=\\"http://localhost/api/v1/users/verifications?key=<key>\\">http://localhost/api/v1/users/verifications?key=<key></a><br><br>Thanks,<br>The THE_PRODUCT_DISPLAY_NAME Team",
    "subject": "Welcome to THE_PRODUCT_DISPLAY_NAME! - Verify your email",
    "text": "Hello Admin User,

You're receiving this message because you registered an account for THE_PRODUCT_DISPLAY_NAME.
Please follow the link below to verify your email address.

http://localhost/api/v1/users/verifications?key=<key>

Thanks,
The THE_PRODUCT_DISPLAY_NAME Team",
  },
  "options": Object {
    "transactional": true,
  },
  "recipients": Array [
    Object {
      "address": Object {
        "email": "<uuid>@example.com",
        "name": "Admin User",
      },
      "tags": Array [
        "welcome",
        "email-verification",
      ],
    },
  ],
}
`;
