// Jest Snapshot v1, https://goo.gl/fbAQLP

exports[`account/forms/profile.tsx should render form 1`] = `
<div>
  <h2>
    Password
  </h2>
  <form
    class="columnarForm fixedWidth"
    data-testid="default-form"
  >
    <button
      class="MuiButtonBase-root-23 MuiButton-root-1 MuiButton-contained-10 MuiButton-containedPrimary-11 MuiButton-raised-13 MuiButton-raisedPrimary-14"
      data-testid="default-submit-btn"
      tabindex="0"
      type="submit"
    >
      <span
        class="MuiButton-label-2"
      >
        Request Password Reset
      </span>
      <span
        class="MuiTouchRipple-root-26"
      />
    </button>
  </form>
</div>
`;

exports[`account/forms/profile.tsx should send update names request to server 1`] = `
Array [
  "/api/v1/users/password-reset",
  Object {
    "body": "{\\"email\\":\\"klay@example.com\\"}",
    "headers": Object {
      "content-type": "application/json",
    },
    "method": "POST",
  },
]
`;
